// Jest Snapshot v1, https://goo.gl/fbAQLP

exports[`Language Switcher Test Suite Language Switcher is rendering without any error ! 1`] = `
<div>
  <div
    class="mb-5"
  >
    <label
      class="columnName"
    >
      Translate to
    </label>
    <select
      class="form-control"
      data-testid="select"
    >
      <option
        data-testid="select-option"
        value="en"
      >
        English
      </option>
      <option
        data-testid="select-option"
        value="af"
      >
        Afrikaans
      </option>
      <option
        data-testid="select-option"
        value="bg"
      >
        Bulgarian
      </option>
      <option
        data-testid="select-option"
        value="hr"
      >
        Croatian
      </option>
      <option
        data-testid="select-option"
        value="cs"
      >
        Czech
      </option>
      <option
        data-testid="select-option"
        value="da"
      >
        Danish
      </option>
      <option
        data-testid="select-option"
        value="nl"
      >
        Dutch
      </option>
      <option
        data-testid="select-option"
        value="fr"
      >
        French
      </option>
      <option
        data-testid="select-option"
        value="de"
      >
        German
      </option>
      <option
        data-testid="select-option"
        value="el"
      >
        Greek
      </option>
      <option
        data-testid="select-option"
        value="hi"
      >
        Hindi
      </option>
      <option
        data-testid="select-option"
        value="ja"
      >
        Japanese
      </option>
      <option
        data-testid="select-option"
        value="ko"
      >
        Korean
      </option>
      <option
        data-testid="select-option"
        value="ru"
      >
        Russian
      </option>
      <option
        data-testid="select-option"
        value="sr"
      >
        Serbian
      </option>
      <option
        data-testid="select-option"
        value="sk"
      >
        Slovak
      </option>
      <option
        data-testid="select-option"
        value="es"
      >
        Spanish
      </option>
      <option
        data-testid="select-option"
        value="sv"
      >
        Swedish
      </option>
      <option
        data-testid="select-option"
        value="th"
      >
        Thai
      </option>
      <option
        data-testid="select-option"
        value="tr"
      >
        Turkish
      </option>
      <option
        data-testid="select-option"
        value="vi"
      >
        Vietnamese
      </option>
    </select>
  </div>
</div>
`;
